2023-01-03 08:49:17,761:DEBUG:Using selector: KqueueSelector
2023-01-03 08:49:56,687:DEBUG:Using selector: KqueueSelector
2023-01-03 08:50:18,288:DEBUG:Using selector: KqueueSelector
2023-01-03 09:06:46,238:DEBUG:Using selector: KqueueSelector
2023-01-09 08:25:42,459:DEBUG:Using selector: KqueueSelector
2023-01-09 08:30:29,241:INFO:/Users/macbook/Desktop/HRStream/hrstream/settings.py changed, reloading.
2023-01-09 08:30:29,243:DEBUG:Using selector: KqueueSelector
2023-01-09 08:30:46,725:DEBUG:Using selector: KqueueSelector
2023-01-09 08:31:00,515:DEBUG:Using selector: KqueueSelector
2023-01-09 08:31:25,906:DEBUG:Using selector: KqueueSelector
2023-01-09 08:31:40,686:DEBUG:Using selector: KqueueSelector
2023-01-09 08:35:33,421:DEBUG:Using selector: KqueueSelector
2023-01-09 08:36:36,883:DEBUG:Using selector: KqueueSelector
2023-01-09 08:37:24,179:DEBUG:Using selector: KqueueSelector
2023-01-09 08:38:15,803:DEBUG:Using selector: KqueueSelector
2023-01-09 08:39:47,489:DEBUG:Using selector: KqueueSelector
2023-01-09 08:40:19,436:DEBUG:Using selector: KqueueSelector
2023-01-09 08:41:25,247:DEBUG:Using selector: KqueueSelector
2023-01-09 08:41:59,473:DEBUG:Using selector: KqueueSelector
2023-01-09 08:42:51,004:DEBUG:Using selector: KqueueSelector
2023-01-09 08:43:10,570:DEBUG:Using selector: KqueueSelector
2023-01-09 08:43:27,762:DEBUG:Using selector: KqueueSelector
2023-01-09 08:43:49,476:DEBUG:Using selector: KqueueSelector
2023-01-09 08:44:16,939:DEBUG:Using selector: KqueueSelector
2023-01-09 08:44:28,615:DEBUG:Using selector: KqueueSelector
2023-01-09 08:45:33,142:DEBUG:Using selector: KqueueSelector
2023-01-09 08:47:27,346:INFO:/Users/macbook/Desktop/HRStream/hrstream/settings.py changed, reloading.
2023-01-09 08:47:27,347:DEBUG:Using selector: KqueueSelector
2023-01-10 08:27:28,540:INFO:/Users/macbook/Desktop/HRStream/accounts/views.py changed, reloading.
2023-01-10 08:27:28,541:DEBUG:Using selector: KqueueSelector
2023-01-11 14:33:52,440:INFO:/Users/macbook/Desktop/HRStream/hrstream/settings.py changed, reloading.
2023-01-11 14:33:52,442:DEBUG:Using selector: KqueueSelector
2023-01-11 14:33:58,499:INFO:/Users/macbook/Desktop/HRStream/hrstream/settings.py changed, reloading.
2023-01-11 14:33:58,500:DEBUG:Using selector: KqueueSelector
2023-01-11 14:34:33,416:INFO:/Users/macbook/Desktop/HRStream/hrstream/settings.py changed, reloading.
2023-01-11 14:34:33,416:DEBUG:Using selector: KqueueSelector
